// Jest Snapshot v1, https://goo.gl/fbAQLP

exports[`Circle tests should render Circle changing state 1`] = `
<div
  className="content "
>
  <div
    className="text text_type_input text_color_input mb-4 absolute head element"
  />
  <div
    className="circle   changing"
  >
    <p
      className="text text_type_circle text_color_input letter"
    />
  </div>
  <p
    className="text text_type_input text_color_input mt-4 absolute index"
  />
  <div
    className="text text_type_input text_color_input mt-4 absolute tail30 element"
  />
</div>
`;

exports[`Circle tests should render Circle default state 1`] = `
<div
  className="content "
>
  <div
    className="text text_type_input text_color_input mb-4 absolute head element"
  />
  <div
    className="circle   default"
  >
    <p
      className="text text_type_circle text_color_input letter"
    />
  </div>
  <p
    className="text text_type_input text_color_input mt-4 absolute index"
  />
  <div
    className="text text_type_input text_color_input mt-4 absolute tail30 element"
  />
</div>
`;

exports[`Circle tests should render Circle modified state 1`] = `
<div
  className="content "
>
  <div
    className="text text_type_input text_color_input mb-4 absolute head element"
  />
  <div
    className="circle   modified"
  >
    <p
      className="text text_type_circle text_color_input letter"
    />
  </div>
  <p
    className="text text_type_input text_color_input mt-4 absolute index"
  />
  <div
    className="text text_type_input text_color_input mt-4 absolute tail30 element"
  />
</div>
`;

exports[`Circle tests should render Circle modified state 2`] = `
<div
  className="content "
>
  <div
    className="text text_type_input text_color_input mb-4 absolute head element"
  />
  <div
    className="circle   modified"
  >
    <p
      className="text text_type_circle text_color_input letter"
    />
  </div>
  <p
    className="text text_type_input text_color_input mt-4 absolute index"
  />
  <div
    className="text text_type_input text_color_input mt-4 absolute tail30 element"
  />
</div>
`;

exports[`Circle tests should render Circle with head prop 1`] = `
<div
  className="content "
>
  <div
    className="text text_type_input text_color_input mb-4 absolute head element"
  />
  <div
    className="circle   default"
  >
    <p
      className="text text_type_circle text_color_input letter"
    />
  </div>
  <p
    className="text text_type_input text_color_input mt-4 absolute index"
  />
  <div
    className="text text_type_input text_color_input mt-4 absolute tail30 element"
  />
</div>
`;

exports[`Circle tests should render Circle with index 1`] = `
<div
  className="content "
>
  <div
    className="text text_type_input text_color_input mb-4 absolute head element"
  />
  <div
    className="circle   default"
  >
    <p
      className="text text_type_circle text_color_input letter"
    />
  </div>
  <p
    className="text text_type_input text_color_input mt-4 absolute index"
  >
    14
  </p>
  <div
    className="text text_type_input text_color_input mt-4 absolute tail60 element"
  />
</div>
`;

exports[`Circle tests should render Circle with prop isSmall===true 1`] = `
<div
  className="content "
>
  <div
    className="text text_type_input text_color_input mb-4 absolute head element"
  />
  <div
    className="circle  small default"
  >
    <p
      className="text text_type_circle text_color_input letter"
    />
  </div>
  <p
    className="text text_type_input text_color_input mt-4 absolute index"
  />
  <div
    className="text text_type_input text_color_input mt-4 absolute tail30 element"
  />
</div>
`;

exports[`Circle tests should render Circle with react-element in head 1`] = `
<div
  className="content "
>
  <div
    className="text text_type_input text_color_input mb-4 absolute head element"
  >
    <div
      className="content "
    >
      <div
        className="text text_type_input text_color_input mb-4 absolute head element"
      />
      <div
        className="circle   default"
      >
        <p
          className="text text_type_circle text_color_input letter"
        />
      </div>
      <p
        className="text text_type_input text_color_input mt-4 absolute index"
      />
      <div
        className="text text_type_input text_color_input mt-4 absolute tail30 element"
      />
    </div>
  </div>
  <div
    className="circle   default"
  >
    <p
      className="text text_type_circle text_color_input letter"
    />
  </div>
  <p
    className="text text_type_input text_color_input mt-4 absolute index"
  />
  <div
    className="text text_type_input text_color_input mt-4 absolute tail30 element"
  />
</div>
`;

exports[`Circle tests should render Circle with react-element in tail 1`] = `
<div
  className="content "
>
  <div
    className="text text_type_input text_color_input mb-4 absolute head element"
  >
    <div
      className="content "
    >
      <div
        className="text text_type_input text_color_input mb-4 absolute head element"
      />
      <div
        className="circle   default"
      >
        <p
          className="text text_type_circle text_color_input letter"
        />
      </div>
      <p
        className="text text_type_input text_color_input mt-4 absolute index"
      />
      <div
        className="text text_type_input text_color_input mt-4 absolute tail30 element"
      />
    </div>
  </div>
  <div
    className="circle   default"
  >
    <p
      className="text text_type_circle text_color_input letter"
    />
  </div>
  <p
    className="text text_type_input text_color_input mt-4 absolute index"
  />
  <div
    className="text text_type_input text_color_input mt-4 absolute tail30 element"
  />
</div>
`;

exports[`Circle tests should render Circle with tail 1`] = `
<div
  className="content "
>
  <div
    className="text text_type_input text_color_input mb-4 absolute head element"
  />
  <div
    className="circle   default"
  >
    <p
      className="text text_type_circle text_color_input letter"
    />
  </div>
  <p
    className="text text_type_input text_color_input mt-4 absolute index"
  />
  <div
    className="text text_type_input text_color_input mt-4 absolute tail30 element"
  />
</div>
`;

exports[`Circle tests should render Circle without text 1`] = `
<div
  className="content "
>
  <div
    className="text text_type_input text_color_input mb-4 absolute head element"
  />
  <div
    className="circle   default"
  >
    <p
      className="text text_type_circle text_color_input letter"
    />
  </div>
  <p
    className="text text_type_input text_color_input mt-4 absolute index"
  />
  <div
    className="text text_type_input text_color_input mt-4 absolute tail30 element"
  />
</div>
`;

exports[`Circle tests should render Circle without text 2`] = `
<div
  className="content "
>
  <div
    className="text text_type_input text_color_input mb-4 absolute head element"
  />
  <div
    className="circle   default"
  >
    <p
      className="text text_type_circle text_color_input letter"
    >
      qwerty
    </p>
  </div>
  <p
    className="text text_type_input text_color_input mt-4 absolute index"
  />
  <div
    className="text text_type_input text_color_input mt-4 absolute tail30 element"
  />
</div>
`;
